Archive member included because of file (symbol)

c:/winavr-20100110/bin/../lib/gcc/avr/4.3.3/avr5\libgcc.a(_exit.o)
                              c:/winavr-20100110/bin/../lib/gcc/avr/4.3.3/../../../../avr/lib/avr5/crtm32.o (exit)
c:/winavr-20100110/bin/../lib/gcc/avr/4.3.3/avr5\libgcc.a(_copy_data.o)
                              ./APP/App.o (__do_copy_data)
c:/winavr-20100110/bin/../lib/gcc/avr/4.3.3/avr5\libgcc.a(_clear_bss.o)
                              ./APP/App.o (__do_clear_bss)

Memory Configuration

Name             Origin             Length             Attributes
text             0x00000000         0x00020000         xr
data             0x00800060         0x0000ffa0         rw !x
eeprom           0x00810000         0x00010000         rw !x
fuse             0x00820000         0x00000400         rw !x
lock             0x00830000         0x00000400         rw !x
signature        0x00840000         0x00000400         rw !x
*default*        0x00000000         0xffffffff

Linker script and memory map

LOAD c:/winavr-20100110/bin/../lib/gcc/avr/4.3.3/../../../../avr/lib/avr5/crtm32.o
LOAD ./MCAL/TIMER1/Src/Timer1.o
LOAD ./MCAL/GLBL_INTERPT/Src/GlblInterrupt.o
LOAD ./MCAL/EXT_INT/Src/ExtInt.o
LOAD ./MCAL/DIO/Src/Dio.o
LOAD ./HAL/LED/Src/Led.o
LOAD ./APP/App.o
LOAD ./main.o
LOAD c:/winavr-20100110/bin/../lib/gcc/avr/4.3.3/avr5\libgcc.a
LOAD c:/winavr-20100110/bin/../lib/gcc/avr/4.3.3/../../../../avr/lib/avr5\libc.a
LOAD c:/winavr-20100110/bin/../lib/gcc/avr/4.3.3/avr5\libgcc.a

.hash
 *(.hash)

.dynsym
 *(.dynsym)

.dynstr
 *(.dynstr)

.gnu.version
 *(.gnu.version)

.gnu.version_d
 *(.gnu.version_d)

.gnu.version_r
 *(.gnu.version_r)

.rel.init
 *(.rel.init)

.rela.init
 *(.rela.init)

.rel.text
 *(.rel.text)
 *(.rel.text.*)
 *(.rel.gnu.linkonce.t*)

.rela.text
 *(.rela.text)
 *(.rela.text.*)
 *(.rela.gnu.linkonce.t*)

.rel.fini
 *(.rel.fini)

.rela.fini
 *(.rela.fini)

.rel.rodata
 *(.rel.rodata)
 *(.rel.rodata.*)
 *(.rel.gnu.linkonce.r*)

.rela.rodata
 *(.rela.rodata)
 *(.rela.rodata.*)
 *(.rela.gnu.linkonce.r*)

.rel.data
 *(.rel.data)
 *(.rel.data.*)
 *(.rel.gnu.linkonce.d*)

.rela.data
 *(.rela.data)
 *(.rela.data.*)
 *(.rela.gnu.linkonce.d*)

.rel.ctors
 *(.rel.ctors)

.rela.ctors
 *(.rela.ctors)

.rel.dtors
 *(.rel.dtors)

.rela.dtors
 *(.rela.dtors)

.rel.got
 *(.rel.got)

.rela.got
 *(.rela.got)

.rel.bss
 *(.rel.bss)

.rela.bss
 *(.rela.bss)

.rel.plt
 *(.rel.plt)

.rela.plt
 *(.rela.plt)

.text           0x00000000      0xe72
 *(.vectors)
 .vectors       0x00000000       0x54 c:/winavr-20100110/bin/../lib/gcc/avr/4.3.3/../../../../avr/lib/avr5/crtm32.o
                0x00000000                __vectors
                0x00000000                __vector_default
 *(.vectors)
 *(.progmem.gcc*)
 *(.progmem*)
                0x00000054                . = ALIGN (0x2)
                0x00000054                __trampolines_start = .
 *(.trampolines)
 .trampolines   0x00000054        0x0 linker stubs
 *(.trampolines*)
                0x00000054                __trampolines_end = .
 *(.jumptables)
 *(.jumptables*)
 *(.lowtext)
 *(.lowtext*)
                0x00000054                __ctors_start = .
 *(.ctors)
                0x00000054                __ctors_end = .
                0x00000054                __dtors_start = .
 *(.dtors)
                0x00000054                __dtors_end = .
 SORT(*)(.ctors)
 SORT(*)(.dtors)
 *(.init0)
 .init0         0x00000054        0x0 c:/winavr-20100110/bin/../lib/gcc/avr/4.3.3/../../../../avr/lib/avr5/crtm32.o
                0x00000054                __init
 *(.init0)
 *(.init1)
 *(.init1)
 *(.init2)
 .init2         0x00000054        0xc c:/winavr-20100110/bin/../lib/gcc/avr/4.3.3/../../../../avr/lib/avr5/crtm32.o
 *(.init2)
 *(.init3)
 *(.init3)
 *(.init4)
 .init4         0x00000060       0x16 c:/winavr-20100110/bin/../lib/gcc/avr/4.3.3/avr5\libgcc.a(_copy_data.o)
                0x00000060                __do_copy_data
 .init4         0x00000076       0x10 c:/winavr-20100110/bin/../lib/gcc/avr/4.3.3/avr5\libgcc.a(_clear_bss.o)
                0x00000076                __do_clear_bss
 *(.init4)
 *(.init5)
 *(.init5)
 *(.init6)
 *(.init6)
 *(.init7)
 *(.init7)
 *(.init8)
 *(.init8)
 *(.init9)
 .init9         0x00000086        0x8 c:/winavr-20100110/bin/../lib/gcc/avr/4.3.3/../../../../avr/lib/avr5/crtm32.o
 *(.init9)
 *(.text)
 .text          0x0000008e        0x4 c:/winavr-20100110/bin/../lib/gcc/avr/4.3.3/../../../../avr/lib/avr5/crtm32.o
                0x0000008e                __vector_12
                0x0000008e                __bad_interrupt
                0x0000008e                __vector_6
                0x0000008e                __vector_3
                0x0000008e                __vector_11
                0x0000008e                __vector_13
                0x0000008e                __vector_17
                0x0000008e                __vector_19
                0x0000008e                __vector_7
                0x0000008e                __vector_5
                0x0000008e                __vector_4
                0x0000008e                __vector_2
                0x0000008e                __vector_15
                0x0000008e                __vector_8
                0x0000008e                __vector_14
                0x0000008e                __vector_10
                0x0000008e                __vector_16
                0x0000008e                __vector_18
                0x0000008e                __vector_20
 .text          0x00000092        0x0 ./MCAL/TIMER1/Src/Timer1.o
 .text          0x00000092        0x0 ./MCAL/GLBL_INTERPT/Src/GlblInterrupt.o
 .text          0x00000092        0x0 ./MCAL/EXT_INT/Src/ExtInt.o
 .text          0x00000092        0x0 ./MCAL/DIO/Src/Dio.o
 .text          0x00000092        0x0 ./HAL/LED/Src/Led.o
 .text          0x00000092        0x0 ./APP/App.o
 .text          0x00000092        0x0 ./main.o
 .text          0x00000092        0x0 c:/winavr-20100110/bin/../lib/gcc/avr/4.3.3/avr5\libgcc.a(_exit.o)
 .text          0x00000092        0x0 c:/winavr-20100110/bin/../lib/gcc/avr/4.3.3/avr5\libgcc.a(_copy_data.o)
 .text          0x00000092        0x0 c:/winavr-20100110/bin/../lib/gcc/avr/4.3.3/avr5\libgcc.a(_clear_bss.o)
                0x00000092                . = ALIGN (0x2)
 *(.text.*)
 .text.TIMER1_Init
                0x00000092       0x26 ./MCAL/TIMER1/Src/Timer1.o
                0x00000092                TIMER1_Init
 .text.TIMER1_Start
                0x000000b8       0x24 ./MCAL/TIMER1/Src/Timer1.o
                0x000000b8                TIMER1_Start
 .text.TIMER1_Stop
                0x000000dc       0x1c ./MCAL/TIMER1/Src/Timer1.o
                0x000000dc                TIMER1_Stop
 .text.TIMER1_SetPreload
                0x000000f8       0x24 ./MCAL/TIMER1/Src/Timer1.o
                0x000000f8                TIMER1_SetPreload
 .text.TIMER1_EnableInterrupt
                0x0000011c       0x1c ./MCAL/TIMER1/Src/Timer1.o
                0x0000011c                TIMER1_EnableInterrupt
 .text.TIMER1_DisableInterrupt
                0x00000138       0x1c ./MCAL/TIMER1/Src/Timer1.o
                0x00000138                TIMER1_DisableInterrupt
 .text.EnableAllInterrupts
                0x00000154       0x1e ./MCAL/GLBL_INTERPT/Src/GlblInterrupt.o
                0x00000154                EnableAllInterrupts
 .text.DisableAllInterrupts
                0x00000172       0x1e ./MCAL/GLBL_INTERPT/Src/GlblInterrupt.o
                0x00000172                DisableAllInterrupts
 .text.ExtInt_Enable
                0x00000190       0x22 ./MCAL/EXT_INT/Src/ExtInt.o
                0x00000190                ExtInt_Enable
 .text.ExtInt_Disable
                0x000001b2       0x22 ./MCAL/EXT_INT/Src/ExtInt.o
                0x000001b2                ExtInt_Disable
 .text.ExtInt_SnsCtrlSet
                0x000001d4       0x28 ./MCAL/EXT_INT/Src/ExtInt.o
                0x000001d4                ExtInt_SnsCtrlSet
 .text.Dio_ConfigChannel
                0x000001fc      0x1dc ./MCAL/DIO/Src/Dio.o
                0x000001fc                Dio_ConfigChannel
 .text.Dio_WriteChannel
                0x000003d8      0x1dc ./MCAL/DIO/Src/Dio.o
                0x000003d8                Dio_WriteChannel
 .text.Dio_ReadChannel
                0x000005b4       0xf2 ./MCAL/DIO/Src/Dio.o
                0x000005b4                Dio_ReadChannel
 .text.Dio_FlipChannel
                0x000006a6      0x114 ./MCAL/DIO/Src/Dio.o
                0x000006a6                Dio_FlipChannel
 .text.Led_Init
                0x000007ba       0x4a ./HAL/LED/Src/Led.o
                0x000007ba                Led_Init
 .text.Led_ON   0x00000804       0xb2 ./HAL/LED/Src/Led.o
                0x00000804                Led_ON
 .text.Led_OFF  0x000008b6       0xb2 ./HAL/LED/Src/Led.o
                0x000008b6                Led_OFF
 .text.Led_Toggle
                0x00000968       0xa6 ./HAL/LED/Src/Led.o
                0x00000968                Led_Toggle
 .text.__vector_9
                0x00000a0e      0x1a0 ./APP/App.o
                0x00000a0e                __vector_9
 .text.__vector_1
                0x00000bae       0xc4 ./APP/App.o
                0x00000bae                __vector_1
 .text.Normal_Mode
                0x00000c72       0x56 ./APP/App.o
                0x00000c72                Normal_Mode
 .text.Pedestrian_Mode
                0x00000cc8      0x126 ./APP/App.o
                0x00000cc8                Pedestrian_Mode
 .text.App_Start
                0x00000dee       0x58 ./APP/App.o
                0x00000dee                App_Start
 .text.App_Running
                0x00000e46       0x16 ./APP/App.o
                0x00000e46                App_Running
 .text.main     0x00000e5c       0x12 ./main.o
                0x00000e5c                main
 .text.libgcc   0x00000e6e        0x0 c:/winavr-20100110/bin/../lib/gcc/avr/4.3.3/avr5\libgcc.a(_exit.o)
 .text.libgcc   0x00000e6e        0x0 c:/winavr-20100110/bin/../lib/gcc/avr/4.3.3/avr5\libgcc.a(_copy_data.o)
 .text.libgcc   0x00000e6e        0x0 c:/winavr-20100110/bin/../lib/gcc/avr/4.3.3/avr5\libgcc.a(_clear_bss.o)
                0x00000e6e                . = ALIGN (0x2)
 *(.fini9)
 .fini9         0x00000e6e        0x0 c:/winavr-20100110/bin/../lib/gcc/avr/4.3.3/avr5\libgcc.a(_exit.o)
                0x00000e6e                exit
                0x00000e6e                _exit
 *(.fini9)
 *(.fini8)
 *(.fini8)
 *(.fini7)
 *(.fini7)
 *(.fini6)
 *(.fini6)
 *(.fini5)
 *(.fini5)
 *(.fini4)
 *(.fini4)
 *(.fini3)
 *(.fini3)
 *(.fini2)
 *(.fini2)
 *(.fini1)
 *(.fini1)
 *(.fini0)
 .fini0         0x00000e6e        0x4 c:/winavr-20100110/bin/../lib/gcc/avr/4.3.3/avr5\libgcc.a(_exit.o)
 *(.fini0)
                0x00000e72                _etext = .

.data           0x00800060        0x6 load address 0x00000e72
                0x00800060                PROVIDE (__data_start, .)
 *(.data)
 .data          0x00800060        0x0 c:/winavr-20100110/bin/../lib/gcc/avr/4.3.3/../../../../avr/lib/avr5/crtm32.o
 .data          0x00800060        0x0 ./MCAL/TIMER1/Src/Timer1.o
 .data          0x00800060        0x0 ./MCAL/GLBL_INTERPT/Src/GlblInterrupt.o
 .data          0x00800060        0x0 ./MCAL/EXT_INT/Src/ExtInt.o
 .data          0x00800060        0x0 ./MCAL/DIO/Src/Dio.o
 .data          0x00800060        0x0 ./HAL/LED/Src/Led.o
 .data          0x00800060        0x0 ./APP/App.o
 .data          0x00800060        0x0 ./main.o
 .data          0x00800060        0x0 c:/winavr-20100110/bin/../lib/gcc/avr/4.3.3/avr5\libgcc.a(_exit.o)
 .data          0x00800060        0x0 c:/winavr-20100110/bin/../lib/gcc/avr/4.3.3/avr5\libgcc.a(_copy_data.o)
 .data          0x00800060        0x0 c:/winavr-20100110/bin/../lib/gcc/avr/4.3.3/avr5\libgcc.a(_clear_bss.o)
 *(.data*)
 .data.previous_car_led_state
                0x00800060        0x1 ./APP/App.o
                0x00800060                previous_car_led_state
 .data.current_peds_led_state
                0x00800061        0x1 ./APP/App.o
                0x00800061                current_peds_led_state
 .data.previous_peds_led_state
                0x00800062        0x1 ./APP/App.o
                0x00800062                previous_peds_led_state
 .data.previous_peds_led_state2
                0x00800063        0x1 ./APP/App.o
                0x00800063                previous_peds_led_state2
 .data.count_Overflow_5s
                0x00800064        0x1 ./APP/App.o
                0x00800064                count_Overflow_5s
 *(.rodata)
 *(.rodata*)
 *(.gnu.linkonce.d*)
                0x00800066                . = ALIGN (0x2)
 *fill*         0x00800065        0x1 00
                0x00800066                _edata = .
                0x00800066                PROVIDE (__data_end, .)

.bss            0x00800066        0x4
                0x00800066                PROVIDE (__bss_start, .)
 *(.bss)
 .bss           0x00800066        0x0 c:/winavr-20100110/bin/../lib/gcc/avr/4.3.3/../../../../avr/lib/avr5/crtm32.o
 .bss           0x00800066        0x0 ./MCAL/TIMER1/Src/Timer1.o
 .bss           0x00800066        0x0 ./MCAL/GLBL_INTERPT/Src/GlblInterrupt.o
 .bss           0x00800066        0x0 ./MCAL/EXT_INT/Src/ExtInt.o
 .bss           0x00800066        0x0 ./MCAL/DIO/Src/Dio.o
 .bss           0x00800066        0x0 ./HAL/LED/Src/Led.o
 .bss           0x00800066        0x0 ./APP/App.o
 .bss           0x00800066        0x0 ./main.o
 .bss           0x00800066        0x0 c:/winavr-20100110/bin/../lib/gcc/avr/4.3.3/avr5\libgcc.a(_exit.o)
 .bss           0x00800066        0x0 c:/winavr-20100110/bin/../lib/gcc/avr/4.3.3/avr5\libgcc.a(_copy_data.o)
 .bss           0x00800066        0x0 c:/winavr-20100110/bin/../lib/gcc/avr/4.3.3/avr5\libgcc.a(_clear_bss.o)
 *(.bss*)
 .bss.Current_Mode
                0x00800066        0x1 ./APP/App.o
                0x00800066                Current_Mode
 .bss.current_car_led_state
                0x00800067        0x1 ./APP/App.o
                0x00800067                current_car_led_state
 .bss.INT0_Pressed
                0x00800068        0x1 ./APP/App.o
                0x00800068                INT0_Pressed
 .bss.Entry_State
                0x00800069        0x1 ./APP/App.o
                0x00800069                Entry_State
 *(COMMON)
                0x0080006a                PROVIDE (__bss_end, .)
                0x00000e72                __data_load_start = LOADADDR (.data)
                0x00000e78                __data_load_end = (__data_load_start + SIZEOF (.data))

.noinit         0x0080006a        0x0
                0x0080006a                PROVIDE (__noinit_start, .)
 *(.noinit*)
                0x0080006a                PROVIDE (__noinit_end, .)
                0x0080006a                _end = .
                0x0080006a                PROVIDE (__heap_start, .)

.eeprom         0x00810000        0x0
 *(.eeprom*)
                0x00810000                __eeprom_end = .

.fuse
 *(.fuse)
 *(.lfuse)
 *(.hfuse)
 *(.efuse)

.lock
 *(.lock*)

.signature
 *(.signature*)

.stab           0x00000000     0x1b6c
 *(.stab)
 .stab          0x00000000      0x2ac ./MCAL/TIMER1/Src/Timer1.o
 .stab          0x000002ac      0x1a4 ./MCAL/GLBL_INTERPT/Src/GlblInterrupt.o
                                0x1f8 (size before relaxing)
 .stab          0x00000450      0x204 ./MCAL/EXT_INT/Src/ExtInt.o
                                0x258 (size before relaxing)
 .stab          0x00000654      0x5b8 ./MCAL/DIO/Src/Dio.o
                                0x60c (size before relaxing)
 .stab          0x00000c0c      0x33c ./HAL/LED/Src/Led.o
                                0x420 (size before relaxing)
 .stab          0x00000f48      0xa14 ./APP/App.o
                                0xba0 (size before relaxing)
 .stab          0x0000195c      0x210 ./main.o
                                0x54c (size before relaxing)

.stabstr        0x00000000     0x143c
 *(.stabstr)
 .stabstr       0x00000000     0x143c ./MCAL/TIMER1/Src/Timer1.o

.stab.excl
 *(.stab.excl)

.stab.exclstr
 *(.stab.exclstr)

.stab.index
 *(.stab.index)

.stab.indexstr
 *(.stab.indexstr)

.comment
 *(.comment)

.debug
 *(.debug)

.line
 *(.line)

.debug_srcinfo
 *(.debug_srcinfo)

.debug_sfnames
 *(.debug_sfnames)

.debug_aranges
 *(.debug_aranges)

.debug_pubnames
 *(.debug_pubnames)

.debug_info
 *(.debug_info)
 *(.gnu.linkonce.wi.*)

.debug_abbrev
 *(.debug_abbrev)

.debug_line
 *(.debug_line)

.debug_frame
 *(.debug_frame)

.debug_str
 *(.debug_str)

.debug_loc
 *(.debug_loc)

.debug_macinfo
 *(.debug_macinfo)
OUTPUT(On_demand_Traffic_Light_Control_Project.elf elf32-avr)
LOAD linker stubs
